// Jest Snapshot v1, https://goo.gl/fbAQLP

exports[`Name of the group renders as expected 1`] = `ShallowWrapper {}`;
